Microchip MPLAB XC8 Compiler V2.41

Linker command line:

-W-3 \
  --edf=C:/Program Files/Microchip/MPLABX/v6.15/packs/Microchip/PIC18Fxxxx_DFP/1.4.151/xc8\pic\dat\20230323171731_en.msgs \
  -cn -h+dist/default/debug\Project_One.debug.sym \
  --cmf=dist/default/debug\Project_One.debug.cmf -z -Q18F4620 \
  -oC:\Users\DELL\AppData\Local\Temp\xcAsbk0.\driver_tmp_3.o \
  --defsym=__MPLAB_BUILD=1 --fixupoverflow=error \
  -Mdist/default/debug/Project_One.debug.map \
  --md=C:\Users\DELL\AppData\Local\Temp\xcAsbk0.\driver_tmp_0.dat -E1 \
  -ver=XC8 Compiler --acfsm=1493 -ACODE=00h-0FFFFh -ACONST=00h-0FFFFh \
  -ASMALLCONST=01000h-010FFhx240 -AMEDIUMCONST=01000h-0FFFFh \
  -ACOMRAM=01h-07Fh -AABS1=00h-0F7Fh -ABIGRAM=01h-0F7Fh \
  -ARAM=080h-0FFh,0100h-01FFhx14,0F00h-0F7Fh -ABANK0=080h-0FFh \
  -ABANK1=0100h-01FFh -ABANK2=0200h-02FFh -ABANK3=0300h-03FFh \
  -ABANK4=0400h-04FFh -ABANK5=0500h-05FFh -ABANK6=0600h-06FFh \
  -ABANK7=0700h-07FFh -ABANK8=0800h-08FFh -ABANK9=0900h-09FFh \
  -ABANK10=0A00h-0AFFh -ABANK11=0B00h-0BFFh -ABANK12=0C00h-0CFFh \
  -ABANK13=0D00h-0DFFh -ABANK14=0E00h-0EFFh -ABANK15=0F00h-0F7Fh \
  -ASFR=0F80h-0FFFh -ABIGSFR=0F80h-0FFFh -ACONFIG=0300000h-030000Dh \
  -AIDLOC=0200000h-0200007h -AEEDATA=0F00000h-0F003FFh -peeprom_data=EEDATA \
  -preset_vec=00h,intcode=08h,intcodelo,powerup,init -pramtop=01000h \
  -psmallconst=SMALLCONST -pmediumconst=MEDIUMCONST -pconst=CONST \
  -AFARRAM=00h-00h \
  -prdata=COMRAM,nvrram=COMRAM,nvbit=COMRAM,rbss=COMRAM,rbit=COMRAM \
  -pfarbss=FARRAM,fardata=FARRAM,nvFARRAM=FARRAM \
  -pintsave_regs=BIGRAM,bigbss=BIGRAM,bigdata=BIGRAM -pbss=RAM \
  -pidata=CODE,irdata=CODE,ibigdata=CODE,ifardata=CODE -prparam=COMRAM \
  C:\Users\DELL\AppData\Local\Temp\xcAsbk0.\driver_tmp_9.o \
  dist/default/debug\Project_One.debug.o 

Object code version is 3.11

Machine type is 18F4620



                Name                               Link     Load   Length Selector   Space Scale
C:\Users\DELL\AppData\Local\Temp\xcAsbk0.\driver_tmp_9.o
                config                           300000   300000        E        0       4
                init                                  E        E        4        4       0
                reset_vec                             0        0        4        0       0
dist/default/debug\Project_One.debug.o
                intcode                               8        8        6        4       0
                config                           300000   300000        E        0       4
                temp                                 72       72        1        1       1
                smallconst                         1000     1000        8      800       0
                text14                             1552     1552        4      804       0
                text13                             154E     154E        4      804       0
                text12                             154A     154A        4      804       0
                text11                             1546     1546        4      804       0
                text10                             14FA     14FA       1A      804       0
                text9                              14E0     14E0       1A      804       0
                text8                              14C6     14C6       1A      804       0
                text7                              14AC     14AC       1A      804       0
                text6                              1534     1534        C      804       0
                text5                              1528     1528        C      804       0
                text4                              1540     1540        6      804       0
                text3                              144A     144A       32      804       0
                intcode_body                       1008     1008      316      804       0
                text1                              131E     131E       9E      804       0
                text0                              1514     1514       14      804       0
                cstackCOMRAM                         6B       6B        7        1       1
                dataBANK0                            80       80       30       80       1
                dataCOMRAM                            1        1       38        1       1
                bssCOMRAM                            39       39       32        1       1
                cinit                              13BC     13BC       56      804       0
                idataBANK0                         147C     147C       30      804       0
                idataCOMRAM                        1412     1412       38      804       0

TOTAL           Name                               Link     Load   Length     Space
        CLASS   CODE           
                intcode                               8        8        6         0
                init                                  E        E        4         0
                reset_vec                             0        0        4         0
                text14                             1552     1552        4         0
                text13                             154E     154E        4         0
                text12                             154A     154A        4         0
                text11                             1546     1546        4         0
                text10                             14FA     14FA       1A         0
                text9                              14E0     14E0       1A         0
                text8                              14C6     14C6       1A         0
                text7                              14AC     14AC       1A         0
                text6                              1534     1534        C         0
                text5                              1528     1528        C         0
                text4                              1540     1540        6         0
                text3                              144A     144A       32         0
                intcode_body                       1008     1008      316         0
                text1                              131E     131E       9E         0
                text0                              1514     1514       14         0
                cinit                              13BC     13BC       56         0
                idataBANK0                         147C     147C       30         0
                idataCOMRAM                        1412     1412       38         0

        CLASS   CONST          

        CLASS   SMALLCONST     
                smallconst                         1000     1000        8         0

        CLASS   MEDIUMCONST    

        CLASS   COMRAM         
                temp                                 72       72        1         1
                cstackCOMRAM                         6B       6B        7         1
                dataCOMRAM                            1        1       38         1
                bssCOMRAM                            39       39       32         1

        CLASS   ABS1           

        CLASS   BIGRAM         

        CLASS   RAM            

        CLASS   BANK0          
                dataBANK0                            80       80       30         1

        CLASS   BANK1          

        CLASS   BANK2          

        CLASS   BANK3          

        CLASS   BANK4          

        CLASS   BANK5          

        CLASS   BANK6          

        CLASS   BANK7          

        CLASS   BANK8          

        CLASS   BANK9          

        CLASS   BANK10         

        CLASS   BANK11         

        CLASS   BANK12         

        CLASS   BANK13         

        CLASS   BANK14         

        CLASS   BANK15         

        CLASS   SFR            

        CLASS   BIGSFR         

        CLASS   CONFIG         
                config                           300000   300000        E         4

        CLASS   IDLOC          

        CLASS   EEDATA         

        CLASS   FARRAM         

        CLASS   HEAP           

        CLASS   STACK          



SEGMENTS        Name                           Load    Length   Top    Selector   Space  Class

                reset_vec                      000000  000004  000004         0       0  CODE    
                dataCOMRAM                     000001  000072  000073         1       1  COMRAM  
                intcode                        000008  00000A  000012         4       0  CODE    
                dataBANK0                      000080  000030  0000B0        80       1  BANK0   
                smallconst                     001000  000008  001008       800       0  SMALLCON
                intcode_body                   001008  00054E  001556       804       0  CODE    


UNUSED ADDRESS RANGES

        Name                Unused          Largest block    Delta
        BANK0            0000B0-0000FF               50
        BANK1            000100-0001FF              100
        BANK10           000A00-000AFF              100
        BANK11           000B00-000BFF              100
        BANK12           000C00-000CFF              100
        BANK13           000D00-000DFF              100
        BANK14           000E00-000EFF              100
        BANK15           000F00-000F7F               80
        BANK2            000200-0002FF              100
        BANK3            000300-0003FF              100
        BANK4            000400-0004FF              100
        BANK5            000500-0005FF              100
        BANK6            000600-0006FF              100
        BANK7            000700-0007FF              100
        BANK8            000800-0008FF              100
        BANK9            000900-0009FF              100
        BIGRAM           000073-00007F                D
                         0000B0-000F7F              ED0
        BIGSFR           000F80-000FFF               80
        CODE             000004-000007                4
                         000012-000FFF              FEE
                         001556-00FFFF             EAAA
        COMRAM           000073-00007F                D
        CONST            000004-000007                4
                         000012-000FFF              FEE
                         001556-00FFFF             EAAA
        EEDATA           F00000-F003FF              400
        IDLOC            200000-200007                8
        MEDIUMCONST      001556-00FFFF             EAAA
        RAM              0000B0-000F7F              100
        SFR              000F80-000FFF               80
        SMALLCONST       001556-00FFFF              100

                                  Symbol Table

RB4_ISR@source                              cstackCOMRAM 00006B
RB5_ISR@source                              cstackCOMRAM 00006B
RB6_ISR@source                              cstackCOMRAM 00006B
RB7_ISR@source                              cstackCOMRAM 00006B
Relay_Initialize@F3042                      bssCOMRAM    000066
Relay_Turn_OFF@F3052                        bssCOMRAM    000064
Relay_Turn_ON@F3047                         bssCOMRAM    000065
Timer2_Init@ret                             cstackCOMRAM 000071
Timer2_Init@timer2                          cstackCOMRAM 00006E
_ADCON0bits                                 (abs)        000FC2
_ADCON1bits                                 (abs)        000FC1
_ADCON2bits                                 (abs)        000FC0
_ADC_ISR                                    text14       001552
_ADC_Interrupt_Handular                     bssCOMRAM    000061
_ADRESH                                     (abs)        000FC4
_ADRESL                                     (abs)        000FC3
_EEADR                                      (abs)        000FA9
_EEADRH                                     (abs)        000FAA
_EECON1bits                                 (abs)        000FA6
_EECON2                                     (abs)        000FA7
_EEDATA                                     (abs)        000FA8
_INT0_ISR                                   text13       00154E
_INT0_Interrupt_Handular                    bssCOMRAM    00005F
_INT1_ISR                                   text12       00154A
_INT1_Interrupt_Handular                    bssCOMRAM    00005D
_INT2_ISR                                   text11       001546
_INT2_Interrupt_Handular                    bssCOMRAM    00005B
_INTCON2bits                                (abs)        000FF1
_INTCON3bits                                (abs)        000FF0
_INTCONbits                                 (abs)        000FF2
_Interrupt_Manager                          intcode      000008
_LATA                                       (abs)        000F89
_LATB                                       (abs)        000F8A
_LATC                                       (abs)        000F8B
_LATD                                       (abs)        000F8C
_LATE                                       (abs)        000F8D
_PIE1bits                                   (abs)        000F9D
_PIR1bits                                   (abs)        000F9E
_PORTA                                      (abs)        000F80
_PORTB                                      (abs)        000F81
_PORTBbits                                  (abs)        000F81
_PORTC                                      (abs)        000F82
_PORTD                                      (abs)        000F83
_PORTE                                      (abs)        000F84
_RB4_Flag                                   dataCOMRAM   00002D
_RB4_ISR                                    text10       0014FA
_RB4_Interrupt_Handular_HIGH                bssCOMRAM    000059
_RB4_Interrupt_Handular_LOW                 bssCOMRAM    000057
_RB5_Flag                                   dataCOMRAM   00002C
_RB5_ISR                                    text9        0014E0
_RB5_Interrupt_Handular_HIGH                bssCOMRAM    000055
_RB5_Interrupt_Handular_LOW                 bssCOMRAM    000053
_RB6_Flag                                   dataCOMRAM   00002B
_RB6_ISR                                    text8        0014C6
_RB6_Interrupt_Handular_HIGH                bssCOMRAM    000051
_RB6_Interrupt_Handular_LOW                 bssCOMRAM    00004F
_RB7_Flag                                   dataCOMRAM   00002A
_RB7_ISR                                    text7        0014AC
_RB7_Interrupt_Handular_HIGH                bssCOMRAM    00004D
_RB7_Interrupt_Handular_LOW                 bssCOMRAM    00004B
_T0CONbits                                  (abs)        000FD5
_T1CONbits                                  (abs)        000FCD
_T2CONbits                                  (abs)        000FCA
_TIMER0_ISR                                 text6        001534
_TIMER1_ISR                                 text5        001528
_TIMER2_ISR                                 text3        00144A
_TMR0H                                      (abs)        000FD7
_TMR0L                                      (abs)        000FD6
_TMR0_Interrupt_Hundeler                    bssCOMRAM    000049
_TMR1H                                      (abs)        000FCF
_TMR1L                                      (abs)        000FCE
_TMR1_Interrupt_Hundeler                    bssCOMRAM    000045
_TMR2                                       (abs)        000FCC
_TMR2_Interrupt_Hundeler                    bssCOMRAM    00003F
_TRISA                                      (abs)        000F92
_TRISB                                      (abs)        000F93
_TRISC                                      (abs)        000F94
_TRISD                                      (abs)        000F95
_TRISE                                      (abs)        000F96
_Timer2_Defualt_Interrupt_Hundeller         text4        001540
_Timer2_Init                                text1        00131E
__HRAM                                      (abs)        000000
__H__absolute__                             __absolute__ 000000
__Habs1                                     abs1         000000
__Hbank0                                    bank0        000000
__Hbank1                                    bank1        000000
__Hbank10                                   bank10       000000
__Hbank11                                   bank11       000000
__Hbank12                                   bank12       000000
__Hbank13                                   bank13       000000
__Hbank14                                   bank14       000000
__Hbank15                                   bank15       000000
__Hbank2                                    bank2        000000
__Hbank3                                    bank3        000000
__Hbank4                                    bank4        000000
__Hbank5                                    bank5        000000
__Hbank6                                    bank6        000000
__Hbank7                                    bank7        000000
__Hbank8                                    bank8        000000
__Hbank9                                    bank9        000000
__Hbigbss                                   bigbss       000000
__Hbigdata                                  bigdata      000000
__Hbigram                                   bigram       000000
__Hbigsfr                                   bigsfr       000000
__Hbss                                      bss          000000
__HbssCOMRAM                                bssCOMRAM    000000
__Hcinit                                    cinit        000000
__Hclrtext                                  clrtext      000000
__Hcomram                                   comram       000000
__Hconfig                                   config       30000E
__Hconst                                    const        000000
__HcstackCOMRAM                             cstackCOMRAM 000000
__Hdata                                     data         000000
__HdataBANK0                                dataBANK0    000000
__HdataCOMRAM                               dataCOMRAM   000000
__Heeprom_data                              eeprom_data  000000
__Hfarbss                                   farbss       000000
__Hfardata                                  fardata      000000
__Hheap                                     heap         000000
__Hibigdata                                 ibigdata     000000
__Hidata                                    idata        000000
__HidataBANK0                               idataBANK0   000000
__HidataCOMRAM                              idataCOMRAM  000000
__Hidloc                                    idloc        000000
__Hifardata                                 ifardata     000000
__Hinit                                     init         000012
__Hintcode                                  intcode      00000E
__Hintcode_body                             intcode_body 000000
__Hintcodelo                                intcodelo    00000E
__Hintentry                                 intentry     000000
__Hintret                                   intret       000000
__Hintsave_regs                             intsave_regs 000000
__Hirdata                                   irdata       000000
__Hmediumconst                              mediumconst  000000
__HnvFARRAM                                 nvFARRAM     000000
__Hnvbit                                    nvbit        000000
__Hnvrram                                   nvrram       000000
__Hparam                                    rparam       000000
__Hpowerup                                  powerup      00000E
__Hram                                      ram          000000
__Hramtop                                   ramtop       001000
__Hrbit                                     rbit         000000
__Hrbss                                     rbss         000000
__Hrdata                                    rdata        000000
__Hreset_vec                                reset_vec    000004
__Hrparam                                   rparam       000000
__Hsfr                                      sfr          000000
__Hsmallconst                               smallconst   001008
__Hspace_0                                  (abs)        001556
__Hspace_1                                  (abs)        0000B0
__Hspace_2                                  (abs)        000000
__Hspace_4                                  (abs)        60000E
__Hstack                                    stack        000000
__Hstruct                                   struct       000000
__Htemp                                     temp         000073
__Htext                                     text         000000
__Htext0                                    text0        000000
__Htext1                                    text1        000000
__Htext10                                   text10       000000
__Htext11                                   text11       000000
__Htext12                                   text12       000000
__Htext13                                   text13       000000
__Htext14                                   text14       000000
__Htext15                                   text15       000000
__Htext3                                    text3        000000
__Htext4                                    text4        000000
__Htext5                                    text5        000000
__Htext6                                    text6        000000
__Htext7                                    text7        000000
__Htext8                                    text8        000000
__Htext9                                    text9        000000
__LRAM                                      (abs)        000001
__L__absolute__                             __absolute__ 000000
__Labs1                                     abs1         000000
__Lbank0                                    bank0        000000
__Lbank1                                    bank1        000000
__Lbank10                                   bank10       000000
__Lbank11                                   bank11       000000
__Lbank12                                   bank12       000000
__Lbank13                                   bank13       000000
__Lbank14                                   bank14       000000
__Lbank15                                   bank15       000000
__Lbank2                                    bank2        000000
__Lbank3                                    bank3        000000
__Lbank4                                    bank4        000000
__Lbank5                                    bank5        000000
__Lbank6                                    bank6        000000
__Lbank7                                    bank7        000000
__Lbank8                                    bank8        000000
__Lbank9                                    bank9        000000
__Lbigbss                                   bigbss       000000
__Lbigdata                                  bigdata      000000
__Lbigram                                   bigram       000000
__Lbigsfr                                   bigsfr       000000
__Lbss                                      bss          000000
__LbssCOMRAM                                bssCOMRAM    000000
__Lcinit                                    cinit        000000
__Lclrtext                                  clrtext      000000
__Lcomram                                   comram       000000
__Lconfig                                   config       000000
__Lconst                                    const        000000
__LcstackCOMRAM                             cstackCOMRAM 000000
__Ldata                                     data         000000
__LdataBANK0                                dataBANK0    000000
__LdataCOMRAM                               dataCOMRAM   000000
__Leeprom_data                              eeprom_data  000000
__Lfarbss                                   farbss       000000
__Lfardata                                  fardata      000000
__Lheap                                     heap         000000
__Libigdata                                 ibigdata     000000
__Lidata                                    idata        000000
__LidataBANK0                               idataBANK0   000000
__LidataCOMRAM                              idataCOMRAM  000000
__Lidloc                                    idloc        000000
__Lifardata                                 ifardata     000000
__Linit                                     init         00000E
__Lintcode                                  intcode      000008
__Lintcode_body                             intcode_body 000000
__Lintcodelo                                intcodelo    00000E
__Lintentry                                 intentry     000000
__Lintret                                   intret       000000
__Lintsave_regs                             intsave_regs 000000
__Lirdata                                   irdata       000000
__Lmediumconst                              mediumconst  000000
__LnvFARRAM                                 nvFARRAM     000000
__Lnvbit                                    nvbit        000000
__Lnvrram                                   nvrram       000000
__Lparam                                    rparam       000000
__Lpowerup                                  powerup      00000E
__Lram                                      ram          000000
__Lramtop                                   ramtop       001000
__Lrbit                                     rbit         000000
__Lrbss                                     rbss         000000
__Lrdata                                    rdata        000000
__Lreset_vec                                reset_vec    000000
__Lrparam                                   rparam       000000
__Lsfr                                      sfr          000000
__Lsmallconst                               smallconst   001000
__Lspace_0                                  (abs)        000000
__Lspace_1                                  (abs)        000000
__Lspace_2                                  (abs)        000000
__Lspace_4                                  (abs)        000000
__Lstack                                    stack        000000
__Lstruct                                   struct       000000
__Ltemp                                     temp         000072
__Ltext                                     text         000000
__Ltext0                                    text0        000000
__Ltext1                                    text1        000000
__Ltext10                                   text10       000000
__Ltext11                                   text11       000000
__Ltext12                                   text12       000000
__Ltext13                                   text13       000000
__Ltext14                                   text14       000000
__Ltext15                                   text15       000000
__Ltext3                                    text3        000000
__Ltext4                                    text4        000000
__Ltext5                                    text5        000000
__Ltext6                                    text6        000000
__Ltext7                                    text7        000000
__Ltext8                                    text8        000000
__Ltext9                                    text9        000000
__S0                                        (abs)        001556
__S1                                        (abs)        0000B0
__S4                                        (abs)        000000
__S5                                        (abs)        000000
___heap_hi                                  (abs)        000000
___heap_lo                                  (abs)        000000
___inthi_sp                                 stack        000000
___intlo_sp                                 stack        000000
___param_bank                               (abs)        000000
___rparam_used                              (abs)        000001
___sp                                       stack        000000
__accesstop                                 (abs)        000080
__activetblptr                              (abs)        000003
__end_of_ADC_ISR                            text14       001556
__end_of_INT0_ISR                           text13       001552
__end_of_INT1_ISR                           text12       00154E
__end_of_INT2_ISR                           text11       00154A
__end_of_Interrupt_Manager                  intcode_body 00131E
__end_of_RB4_ISR                            text10       001514
__end_of_RB5_ISR                            text9        0014FA
__end_of_RB6_ISR                            text8        0014E0
__end_of_RB7_ISR                            text7        0014C6
__end_of_TIMER0_ISR                         text6        001540
__end_of_TIMER1_ISR                         text5        001534
__end_of_TIMER2_ISR                         text3        00147C
__end_of_Timer2_Defualt_Interrupt_Hundeller text4        001546
__end_of_Timer2_Init                        text1        0013BC
__end_of__initialization                    cinit        001408
__end_of_main                               text0        001528
__initialization                            cinit        0013BC
__mediumconst                               mediumconst  000000
__pbssCOMRAM                                bssCOMRAM    000039
__pcinit                                    cinit        0013BC
__pcstackCOMRAM                             cstackCOMRAM 00006B
__pdataBANK0                                dataBANK0    000080
__pdataCOMRAM                               dataCOMRAM   000001
__pidataBANK0                               idataBANK0   00147C
__pidataCOMRAM                              idataCOMRAM  001412
__pintcode                                  intcode      000008
__pintcode_body                             intcode_body 001008
__psmallconst                               smallconst   001000
__ptext0                                    text0        001514
__ptext1                                    text1        00131E
__ptext10                                   text10       0014FA
__ptext11                                   text11       001546
__ptext12                                   text12       00154A
__ptext13                                   text13       00154E
__ptext14                                   text14       001552
__ptext15                                   text15       000000
__ptext3                                    text3        00144A
__ptext4                                    text4        001540
__ptext5                                    text5        001528
__ptext6                                    text6        001534
__ptext7                                    text7        0014AC
__ptext8                                    text8        0014C6
__ptext9                                    text9        0014E0
__ramtop                                    ramtop       001000
__smallconst                                smallconst   001000
_keypad_btn_values                          dataBANK0    000080
_lat_registers                              dataCOMRAM   00000B
_lcd_1                                      dataCOMRAM   00002E
_lcd_2                                      dataCOMRAM   00001F
_led1                                       dataCOMRAM   000029
_main                                       text0        001514
_port_registers                             dataCOMRAM   000001
_timer0_preload                             bssCOMRAM    000047
_timer1_preload                             bssCOMRAM    000043
_timer2_flag                                bssCOMRAM    000041
_timer2_obj                                 dataCOMRAM   000034
_timer2_preloaded                           bssCOMRAM    000063
_tris_registers                             dataCOMRAM   000015
btemp                                       temp         000072
end_of_initialization                       cinit        001408
int$flags                                   temp         000072
int_func                                    intcode_body 001008
intlevel0                                   text         000000
intlevel1                                   text         000000
intlevel2                                   text         000000
intlevel3                                   text         000000
isa$std                                     (abs)        000001
isa$xinst                                   (abs)        000000
led_initialize@F3048                        bssCOMRAM    00006A
led_toggle@F3063                            bssCOMRAM    000067
led_turn_off@F3058                          bssCOMRAM    000068
led_turn_on@F3053                           bssCOMRAM    000069
stackhi                                     (abs)        000000
stacklo                                     (abs)        000000
start                                       init         00000E
start_initialization                        cinit        0013BC
ttemp5                                      temp         000073
ttemp6                                      temp         000076
ttemp7                                      temp         00007A
wtemp8                                      temp         000073


MODULE INFORMATION

Module		Function		Class		Link	Load	Size
MCAL_Layer/interrupt/mcal_external_interrupt.c
		_RB4_ISR       		CODE           	14FA	0000	26
		_RB5_ISR       		CODE           	14E0	0000	26
		_RB6_ISR       		CODE           	14C6	0000	26
		_RB7_ISR       		CODE           	14AC	0000	26
		_INT0_ISR      		CODE           	154E	0000	4
		_INT1_ISR      		CODE           	154A	0000	4
		_INT2_ISR      		CODE           	1546	0000	4

MCAL_Layer/interrupt/mcal_external_interrupt.c estimated size: 116

MCAL_Layer/Timer/hal_Timer0.c
		_TIMER0_ISR    		CODE           	1534	0000	12

MCAL_Layer/Timer/hal_Timer0.c estimated size: 12

shared
		__initialization		CODE           	13BC	0000	76

shared estimated size: 76

MCAL_Layer/ADC/hal_adc.c
		_ADC_ISR       		CODE           	1552	0000	4

MCAL_Layer/ADC/hal_adc.c estimated size: 4

application.c
		_Timer2_Defualt_Interrupt_Hundeller		CODE           	1540	0000	6
		_main          		CODE           	1514	0000	20

application.c estimated size: 26

MCAL_Layer/Timer2/hal_timer2.c
		_TIMER2_ISR    		CODE           	144A	0000	50
		_Timer2_Init   		CODE           	131E	0000	158

MCAL_Layer/Timer2/hal_timer2.c estimated size: 208

MCAL_Layer/Timer1/hal_timer1.c
		_TIMER1_ISR    		CODE           	1528	0000	12

MCAL_Layer/Timer1/hal_timer1.c estimated size: 12

MCAL_Layer/interrupt/mcal_interrupt_manager.c
		_Interrupt_Manager		CODE           	0008	0000	796

MCAL_Layer/interrupt/mcal_interrupt_manager.c estimated size: 796

